// Jest Snapshot v1, https://goo.gl/fbAQLP

exports[`it should render correcly 1`] = `
<div
  className="productCard undefined"
>
  <div>
    Hola mundo
  </div>
</div>
`;
