// Jest Snapshot v1, https://goo.gl/fbAQLP

exports[`it should render correcly 1`] = `
<span
  className="productDescription undefined"
>
  Hola mundo
</span>
`;
